// Jest Snapshot v1, https://goo.gl/fbAQLP

exports[`SignInPage test renders SignInPage 1`] = `
<KeyboardAvoidingView
  behavior="padding"
  enabled={true}
  keyboardVerticalOffset={0}
  style={
    Array [
      Object {
        "alignItems": "center",
        "backgroundColor": "#ffffff",
        "flex": 1,
        "flexDirection": "column",
        "justifyContent": "center",
      },
      Object {
        "height": "100%",
        "width": "100%",
      },
      Object {
        "flex": 1,
        "height": "100%",
        "paddingTop": 10,
        "width": "100%",
      },
    ]
  }
>
  <ScrollView
    keyboardShouldPersistTaps="never"
    scrollEnabled={false}
    style={
      Array [
        Object {
          "flex": 1,
          "height": "100%",
          "paddingTop": 10,
          "width": "100%",
        },
      ]
    }
  >
    <Component
      style={
        Array [
          Object {
            "alignItems": "center",
            "backgroundColor": "#ffffff",
            "flex": 1,
            "flexDirection": "column",
            "justifyContent": "center",
          },
          Object {
            "alignItems": "flex-end",
            "flex": 1,
            "paddingRight": 20,
            "paddingTop": 30,
            "width": "100%",
          },
        ]
      }
    >
      <Button
        color="#66a3ff"
        onPress={[Function]}
        testID="SignUpButton"
        title="Sign up"
      />
    </Component>
    <Component
      style={
        Array [
          Object {
            "alignItems": "center",
            "backgroundColor": "#ffffff",
            "flex": 1,
            "flexDirection": "column",
            "justifyContent": "center",
          },
          Object {
            "alignItems": "flex-start",
            "flex": 1,
            "justifyContent": "flex-start",
            "marginLeft": "10%",
          },
        ]
      }
    >
      <Component
        style={
          Object {
            "color": "#000000",
            "fontSize": 60,
            "fontWeight": "bold",
          }
        }
      >
        Group
      </Component>
      <Component
        style={
          Object {
            "color": "#000000",
            "fontSize": 60,
            "fontWeight": "bold",
          }
        }
      >
        Calendar
      </Component>
      <Component
        style={
          Array [
            Object {
              "color": "#000000",
              "fontSize": 30,
              "fontWeight": "bold",
            },
            Object {
              "color": "#e6e6e6",
            },
          ]
        }
      >
        Welcome Back
      </Component>
    </Component>
    <Component
      style={
        Array [
          Object {
            "flex": 1,
            "marginLeft": "10%",
            "width": "80%",
          },
        ]
      }
    >
      <TextField
        activeLineWidth={2}
        animationDuration={225}
        autoCapitalize="none"
        autoCorrect={false}
        baseColor="rgba(0, 0, 0, .38)"
        disableFullscreenUI={true}
        disabled={false}
        disabledLineType="dotted"
        disabledLineWidth={1}
        editable={true}
        errorColor="rgb(213, 0, 0)"
        fontSize={18}
        inputContainerPadding={8}
        keyboardType="email-address"
        label="Email"
        labelFontSize={12}
        labelHeight={24}
        labelPadding={4}
        lineWidth={0.5}
        onChangeText={[Function]}
        onFocus={[Function]}
        onSubmitEditing={[Function]}
        returnKeyType="next"
        testID="UserEmail"
        textColor="rgba(0, 0, 0, .87)"
        textContentType="username"
        tintColor="rgb(0, 145, 234)"
        titleFontSize={12}
        underlineColorAndroid="transparent"
      />
      <TextField
        activeLineWidth={2}
        animationDuration={225}
        autoCapitalize="sentences"
        baseColor="rgba(0, 0, 0, .38)"
        clearTextOnFocus={true}
        disableFullscreenUI={true}
        disabled={false}
        disabledLineType="dotted"
        disabledLineWidth={1}
        editable={true}
        errorColor="rgb(213, 0, 0)"
        fontSize={18}
        inputContainerPadding={4}
        keyboardType="default"
        label="Password"
        labelFontSize={12}
        labelHeight={24}
        labelPadding={4}
        lineWidth={0.5}
        onChangeText={[Function]}
        onFocus={[Function]}
        onSubmitEditing={[Function]}
        returnKeyType="go"
        secureTextEntry={true}
        testID="UserPwd"
        textColor="rgba(0, 0, 0, .87)"
        textContentType="password"
        tintColor="rgb(0, 145, 234)"
        titleFontSize={12}
        underlineColorAndroid="transparent"
      />
    </Component>
    <Ripple
      disabled={false}
      onPress={[Function]}
      onRippleAnimation={[Function]}
      rippleCentered={false}
      rippleColor="rgb(0, 0, 0)"
      rippleContainerBorderRadius={0}
      rippleDuration={400}
      rippleFades={true}
      rippleOpacity={0.3}
      rippleSequential={false}
      rippleSize={0}
      style={
        Array [
          Object {
            "alignItems": "center",
            "backgroundColor": "#ffffff",
            "flex": 1,
            "flexDirection": "column",
            "justifyContent": "center",
          },
          Object {
            "backgroundColor": "#66a3ff",
            "flex": 1,
            "height": 40,
            "marginBottom": 5,
            "marginLeft": "10%",
            "marginTop": 5,
            "width": "80%",
          },
        ]
      }
      testID="AppSignInButton"
    >
      <Component
        style={
          Object {
            "color": "#ffffff",
            "fontSize": 18,
          }
        }
      >
        Sign in
      </Component>
    </Ripple>
    <Ripple
      disabled={false}
      onPress={[Function]}
      onRippleAnimation={[Function]}
      rippleCentered={false}
      rippleColor="rgb(0, 0, 0)"
      rippleContainerBorderRadius={0}
      rippleDuration={400}
      rippleFades={true}
      rippleOpacity={0.3}
      rippleSequential={false}
      rippleSize={0}
      style={
        Array [
          Object {
            "alignItems": "center",
            "backgroundColor": "#ffffff",
            "flex": 1,
            "flexDirection": "column",
            "justifyContent": "center",
          },
          Object {
            "backgroundColor": "#66a3ff",
            "flex": 1,
            "height": 40,
            "marginBottom": 5,
            "marginLeft": "10%",
            "marginTop": 5,
            "width": "80%",
          },
        ]
      }
      testID="GoogleSignInButton"
    >
      <Component
        style={
          Object {
            "color": "#ffffff",
            "fontSize": 18,
          }
        }
      >
        Sign in by Google
      </Component>
    </Ripple>
  </ScrollView>
</KeyboardAvoidingView>
`;
